// Jest Snapshot v1, https://goo.gl/fbAQLP

exports[`<FormItem /> component should render all props 1`] = `
<div class="form-item form-item_label_top">
  <div class="form-item__label"><span class="label">Test label: <span>*</span></span>
  </div>
  <div class="form-item__control">
    <input type="text" value="test-value" name="test-name" id="test-id">
  </div>
  <ul class="form-item__errors">
    <li>Error message 1</li>
    <li>Error message 2</li>
    <li>Error message 3</li>
  </ul>
</div>
`;

exports[`<FormItem /> component should render correct without props 1`] = `
<div class="form-item form-item_label_top">
  <!---->
  <div class="form-item__control"></div>
  <!---->
</div>
`;

exports[`<FormItem /> component should render with for \`prop\` 1`] = `
<div class="form-item form-item_label_top form-item_style_material form-item_style_bordered">
  <div class="form-item__label">
    <label for="test-id" class="label">Test label: <span>*</span></label>
  </div>
  <div class="form-item__control">
    <input type="text" value="test-value" name="test-name" id="test-id">
  </div>
  <!---->
</div>
`;
